snap      983229223  4  1 BKQ -     -     -         1000    5    0 
