snap      923052775  2  2 Brc rr    rr    rr       20690  240  460 
snap      923052806  2  1 Brr brc   brc   br       20910  220  420 
snap      923052838  2  2 Brc rr    rr    r        21110  200  380 
snap      923052865  3  1 Br  b     -     -        21290   30   50 
snap      923052883  3  3 r   c     k     k        21310   30    0 5h 5s
snap      923052914  3  2 Bc  r     r     rc       21280  140    0 4d Jd
snap      923052959  3  1 BQ  -     -     -        21140    5    0 
snap      923055209  2  2 B   -     -     -        31580   10   15 
snap      923055210  2  1 Br  -     -     -        31585   20   30 
snap      923055212  2  2 B   -     -     -        31595   10   15 
snap      923055213  2  1 Br  -     -     -        31600   20   30 
snap      923055215  2  2 B   -     -     -        31610   10   15 
snap      923055216  2  1 Br  -     -     -        31615   20   30 
snap      923055217  2  2 B   -     -     -        31625   10   15 
snap      923055218  2  1 Br  -     -     -        31630   20   30 
snap      923055219  2  2 B   -     -     -        31640   10   15 
snap      923055220  2  1 Br  -     -     -        31645   20   30 
snap      923055221  2  2 B   -     -     -        31655   10   15 
snap      923055222  2  1 Br  -     -     -        31660   20   30 
snap      923055223  2  2 B   -     -     -        31670   10   15 
snap      923055224  2  1 Br  -     -     -        31675   20   30 
snap      923055225  2  2 B   -     -     -        31685   10   15 
snap      923055227  2  1 Br  -     -     -        31690   20   30 
snap      923055228  2  2 B   -     -     -        31700   10   15 
snap      923055229  2  1 Br  -     -     -        31705   20   30 
snap      923055230  2  2 B   -     -     -        31715   10   15 
snap      923055231  2  1 B   -     -     -        31720    5    0 3c Qh
snap      923055232  2  2 B   -     -     -        31715   10   15 
snap      923055235  2  1 B   -     -     -        31720    5    0 As 5c
snap      923055236  2  2 B   -     -     -        31715   10   15 
snap      923055239  2  1 B   -     -     -        31720    5    0 7c 3h
snap      923055240  2  2 B   -     -     -        31715   10   15 
snap      923055244  2  1 B   -     -     -        31720    5   10 4s Kd
snap      923055599  2  2 B   -     -     -        31740   10   15 
snap      923055600  2  1 Br  -     -     -        31745   20   30 
snap      923055602  2  2 B   -     -     -        31755   10   15 
snap      923055603  2  1 Br  -     -     -        31760   20   30 
snap      923055706  2  2 B   -     -     -        31770   10   15 
snap      923055707  2  1 Br  -     -     -        31775   20   30 
snap      923055708  2  2 B   -     -     -        31785   10   15 
snap      923055709  2  1 Br  -     -     -        31790   20   30 
snap      923055711  2  2 B   -     -     -        31800   10   15 
snap      923055712  2  1 Br  -     -     -        31805   20   30 
snap      923055713  2  2 B   -     -     -        31815   10   15 
snap      923055714  2  1 Br  -     -     -        31820   20   30 
snap      923055724  2  2 B   -     -     -        31830   10   15 
snap      923055725  2  1 Br  -     -     -        31835   20   30 
snap      923055727  2  2 B   -     -     -        31845   10   15 
snap      923055728  2  1 Br  -     -     -        31850   20   30 
snap      923055729  2  2 B   -     -     -        31860   10   15 
snap      923055730  2  1 Br  -     -     -        31865   20   30 
snap      923055731  2  2 B   -     -     -        31875   10   15 
snap      923055732  2  1 Br  -     -     -        31880   20   30 
snap      923055746  2  2 B   -     -     -        31890   10   15 
snap      923055747  2  1 Br  -     -     -        31895   20   30 
snap      923055749  2  2 B   -     -     -        31905   10   15 
snap      923055750  2  1 Br  -     -     -        31910   20   30 
snap      923055751  2  2 B   -     -     -        31920   10   15 
snap      923055752  2  1 Br  -     -     -        31925   20   30 
snap      923055753  2  2 B   -     -     -        31935   10   15 
snap      923055754  2  1 Br  -     -     -        31940   20   30 
snap      923055755  2  2 B   -     -     -        31950   10   15 
snap      923055756  2  1 Br  -     -     -        31955   20   30 
snap      923055758  2  2 B   -     -     -        31965   10   15 
snap      923055759  2  1 Br  -     -     -        31970   20   30 
snap      923055760  2  2 B   -     -     -        31980   10   15 
snap      923055761  2  1 Br  -     -     -        31985   20   30 
snap      923055762  2  2 B   -     -     -        31995   10   15 
snap      923055763  2  1 Br  -     -     -        32000   20   30 
snap      923055764  2  2 B   -     -     -        32010   10   15 
snap      923055765  2  1 Br  -     -     -        32015   20   30 
snap      923055767  2  2 B   -     -     -        32025   10   15 
snap      923055768  2  1 Br  -     -     -        32030   20   30 
snap      923055772  2  2 B   -     -     -        32040   10   15 
snap      923055773  2  1 Br  -     -     -        32045   20   30 
snap      923055778  2  2 B   -     -     -        32055   10   15 
snap      923055779  2  1 Br  -     -     -        32060   20   30 
snap      923055780  2  2 B   -     -     -        32070   10   15 
snap      923055781  2  1 Br  -     -     -        32075   20   30 
snap      923055783  2  2 B   -     -     -        32085   10   15 
snap      923055784  2  1 Br  -     -     -        32090   20   30 
snap      923055787  2  2 B   -     -     -        32100   10   15 
snap      923055788  2  1 Br  -     -     -        32105   20   30 
snap      923055789  2  2 B   -     -     -        32115   10   15 
snap      923055790  2  1 Br  -     -     -        32120   20   30 
snap      923055791  2  2 B   -     -     -        32130   10   15 
snap      923055792  2  1 Br  -     -     -        32135   20   30 
snap      923055793  2  2 B   -     -     -        32145   10   15 
snap      923055794  2  1 Br  -     -     -        32150   20   30 
snap      923055796  2  2 B   -     -     -        32160   10   15 
snap      923055797  2  1 Br  -     -     -        32165   20   30 
snap      923055798  2  2 B   -     -     -        32175   10   15 
snap      923055799  2  1 Br  -     -     -        32180   20   30 
snap      923055800  2  2 B   -     -     -        32190   10   15 
snap      923055801  2  1 Br  -     -     -        32195   20   30 
snap      923055802  2  2 B   -     -     -        32205   10   15 
snap      923055803  2  1 Br  -     -     -        32210   20   30 
snap      923055804  2  2 B   -     -     -        32220   10   15 
snap      923055805  2  1 Br  -     -     -        32225   20   30 
snap      923055806  2  2 B   -     -     -        32235   10   15 
snap      923055807  2  1 Br  -     -     -        32240   20   30 
snap      923055808  2  2 B   -     -     -        32250   10   15 
snap      923055809  2  1 Br  -     -     -        32255   20   30 
snap      923055810  2  2 B   -     -     -        32265   10   15 
snap      923055811  2  1 Br  -     -     -        32270   20   30 
snap      923055812  2  2 B   -     -     -        32280   10   15 
snap      923055813  2  1 Br  -     -     -        32285   20   30 
snap      923055814  2  2 B   -     -     -        32295   10   15 
snap      923055815  2  1 Br  -     -     -        32300   20   30 
snap      923055817  2  2 B   -     -     -        32310   10   15 
snap      923055818  2  1 Br  -     -     -        32315   20   30 
snap      923055820  2  2 B   -     -     -        32325   10   15 
snap      923055821  2  1 Br  -     -     -        32330   20   30 
snap      923055822  2  2 B   -     -     -        32340   10   15 
snap      923055823  2  1 Br  -     -     -        32345   20   30 
snap      923055824  2  2 B   -     -     -        32355   10   15 
snap      923055825  2  1 Br  -     -     -        32360   20   30 
snap      923055826  2  2 B   -     -     -        32370   10   15 
snap      923055827  2  1 Br  -     -     -        32375   20   30 
snap      923055828  2  2 B   -     -     -        32385   10   15 
snap      923055829  2  1 Br  -     -     -        32390   20   30 
snap      923055830  2  2 B   -     -     -        32400   10   15 
snap      923055831  2  1 Br  -     -     -        32405   20   30 
snap      923055833  2  2 B   -     -     -        32415   10   15 
snap      923055834  2  1 Br  -     -     -        32420   20   30 
snap      923055835  2  2 B   -     -     -        32430   10   15 
snap      923055836  2  1 Br  -     -     -        32435   20   30 
snap      923055837  2  2 B   -     -     -        32445   10   15 
snap      923055838  2  1 Br  -     -     -        32450   20   30 
snap      923055839  2  2 B   -     -     -        32460   10   15 
snap      923055840  2  1 Br  -     -     -        32465   20   30 
snap      923055841  2  2 B   -     -     -        32475   10   15 
snap      923055842  2  1 Br  -     -     -        32480   20   30 
snap      923055843  2  2 B   -     -     -        32490   10   15 
snap      923055844  2  1 Br  -     -     -        32495   20   30 
snap      923055845  2  2 B   -     -     -        32505   10   15 
snap      923055846  2  1 Br  -     -     -        32510   20   30 
snap      923055847  2  2 B   -     -     -        32520   10   15 
snap      923055848  2  1 Br  -     -     -        32525   20   30 
snap      923055849  2  2 B   -     -     -        32535   10   15 
snap      923055850  2  1 Br  -     -     -        32540   20   30 
snap      923055851  2  2 B   -     -     -        32550   10   15 
snap      923055852  2  1 Br  -     -     -        32555   20   30 
snap      923055853  2  2 B   -     -     -        32565   10   15 
snap      923055854  2  1 Br  -     -     -        32570   20   30 
snap      923055855  2  2 B   -     -     -        32580   10   15 
snap      923055856  2  1 Br  -     -     -        32585   20   30 
snap      923055857  2  2 B   -     -     -        32595   10   15 
snap      923055858  2  1 Br  -     -     -        32600   20   30 
snap      923055859  2  2 B   -     -     -        32610   10   15 
snap      923055860  2  1 Br  -     -     -        32615   20   30 
snap      923055861  2  2 B   -     -     -        32625   10   15 
snap      923055862  2  1 Br  -     -     -        32630   20   30 
snap      923055863  2  2 B   -     -     -        32640   10   15 
snap      923055864  2  1 Br  -     -     -        32645   20   30 
snap      923055865  2  2 B   -     -     -        32655   10   15 
snap      923055866  2  1 Br  -     -     -        32660   20   30 
snap      923055867  2  2 B   -     -     -        32670   10   15 
snap      923055868  2  1 Br  -     -     -        32675   20   30 
snap      923055869  2  2 B   -     -     -        32685   10   15 
snap      923055870  2  1 Br  -     -     -        32690   20   30 
snap      923055871  2  2 B   -     -     -        32700   10   15 
snap      923055872  2  1 Br  -     -     -        32705   20   30 
snap      923055873  2  2 B   -     -     -        32715   10   15 
snap      923055874  2  1 B   -     -     -        32720    5   10 8c Jh
snap      923055886  2  2 B   -     -     -        32725   10   15 
snap      923055887  2  1 Br  -     -     -        32730   20   30 
snap      923055888  2  2 B   -     -     -        32740   10   15 
snap      923055889  2  1 Br  -     -     -        32745   20   30 
snap      923055890  2  2 B   -     -     -        32755   10   15 
snap      923055891  2  1 Br  -     -     -        32760   20   30 
snap      923055892  2  2 B   -     -     -        32770   10   15 
snap      923055893  2  1 Br  -     -     -        32775   20   30 
snap      923055894  2  2 B   -     -     -        32785   10   15 
snap      923055895  2  1 Br  -     -     -        32790   20   30 
snap      923055897  2  2 B   -     -     -        32800   10   15 
snap      923055898  2  1 Br  -     -     -        32805   20   30 
snap      923055899  2  2 B   -     -     -        32815   10   15 
snap      923055900  2  1 Br  -     -     -        32820   20   30 
snap      923055901  2  2 B   -     -     -        32830   10   15 
snap      923055902  2  1 Br  -     -     -        32835   20   30 
snap      923055903  2  2 B   -     -     -        32845   10   15 
snap      923055904  2  1 Br  -     -     -        32850   20   30 
snap      923055905  2  2 B   -     -     -        32860   10   15 
snap      923055906  2  1 Br  -     -     -        32865   20   30 
snap      923055907  2  2 B   -     -     -        32875   10   15 
snap      923055908  2  1 Br  -     -     -        32880   20   30 
snap      923055909  2  2 B   -     -     -        32890   10   15 
snap      923055910  2  1 BQ  -     -     -        32895    5    0 
